// Jest Snapshot v1, https://goo.gl/fbAQLP

exports[`test cdk stack Snapshot of whole stack stays stable 1`] = `
Object {
  "Outputs": Object {
    "PipelineRoleArn": Object {
      "Description": "The arn of the role which can be assumed from a gitlab pipeline on https://gitlab.example.com within the following repos+branches: project_path:department-name/team-name/repo-name:ref_type:branch:ref:main",
      "Export": Object {
        "Name": "PipelineRoleArn",
      },
      "Value": Object {
        "Fn::GetAtt": Array [
          "GitlabPipelineRole8B3B9E26",
          "Arn",
        ],
      },
    },
  },
  "Parameters": Object {
    "BootstrapVersion": Object {
      "Default": "/cdk-bootstrap/hnb659fds/version",
      "Description": "Version of the CDK Bootstrap resources in this environment, automatically retrieved from SSM Parameter Store. [cdk:skip]",
      "Type": "AWS::SSM::Parameter::Value<String>",
    },
  },
  "Resources": Object {
    "CustomAWSCDKOpenIdConnectProviderCustomResourceProviderHandlerF2C543E0": Object {
      "DependsOn": Array [
        "CustomAWSCDKOpenIdConnectProviderCustomResourceProviderRole517FED65",
      ],
      "Properties": Object {
        "Code": Object {
          "S3Bucket": Object {
            "Fn::Sub": "cdk-hnb659fds-assets-\${AWS::AccountId}-\${AWS::Region}",
          },
          "S3Key": "494e82802f093e633e580188c7937aef9d6ee0ad4a788d58c647e6bea26d2915.zip",
        },
        "Handler": "__entrypoint__.handler",
        "MemorySize": 128,
        "Role": Object {
          "Fn::GetAtt": Array [
            "CustomAWSCDKOpenIdConnectProviderCustomResourceProviderRole517FED65",
            "Arn",
          ],
        },
        "Runtime": "nodejs14.x",
        "Timeout": 900,
      },
      "Type": "AWS::Lambda::Function",
    },
    "CustomAWSCDKOpenIdConnectProviderCustomResourceProviderRole517FED65": Object {
      "Properties": Object {
        "AssumeRolePolicyDocument": Object {
          "Statement": Array [
            Object {
              "Action": "sts:AssumeRole",
              "Effect": "Allow",
              "Principal": Object {
                "Service": "lambda.amazonaws.com",
              },
            },
          ],
          "Version": "2012-10-17",
        },
        "ManagedPolicyArns": Array [
          Object {
            "Fn::Sub": "arn:\${AWS::Partition}:iam::aws:policy/service-role/AWSLambdaBasicExecutionRole",
          },
        ],
        "Policies": Array [
          Object {
            "PolicyDocument": Object {
              "Statement": Array [
                Object {
                  "Action": Array [
                    "iam:CreateOpenIDConnectProvider",
                    "iam:DeleteOpenIDConnectProvider",
                    "iam:UpdateOpenIDConnectProviderThumbprint",
                    "iam:AddClientIDToOpenIDConnectProvider",
                    "iam:RemoveClientIDFromOpenIDConnectProvider",
                  ],
                  "Effect": "Allow",
                  "Resource": "*",
                },
              ],
              "Version": "2012-10-17",
            },
            "PolicyName": "Inline",
          },
        ],
      },
      "Type": "AWS::IAM::Role",
    },
    "GitlabPipelineF8D7C83D": Object {
      "DeletionPolicy": "Delete",
      "Properties": Object {
        "ClientIDList": Array [
          "https://gitlab.example.com",
        ],
        "ServiceToken": Object {
          "Fn::GetAtt": Array [
            "CustomAWSCDKOpenIdConnectProviderCustomResourceProviderHandlerF2C543E0",
            "Arn",
          ],
        },
        "Url": "https://gitlab.example.com",
      },
      "Type": "Custom::AWSCDKOpenIdConnectProvider",
      "UpdateReplacePolicy": "Delete",
    },
    "GitlabPipelineRole8B3B9E26": Object {
      "Properties": Object {
        "AssumeRolePolicyDocument": Object {
          "Statement": Array [
            Object {
              "Action": "sts:AssumeRoleWithWebIdentity",
              "Condition": Object {
                "StringEquals": Object {
                  "gitlab.example.com:sub": Array [
                    "project_path:department-name/team-name/repo-name:ref_type:branch:ref:main",
                  ],
                },
              },
              "Effect": "Allow",
              "Principal": Object {
                "Federated": Object {
                  "Ref": "GitlabPipelineF8D7C83D",
                },
              },
            },
          ],
          "Version": "2012-10-17",
        },
        "Description": "Role to assume from gitlab pipeline of whatever",
        "RoleName": "gitlab-oidc-whatever",
      },
      "Type": "AWS::IAM::Role",
    },
    "GitlabPipelineRoleDefaultPolicyF178FD85": Object {
      "Properties": Object {
        "PolicyDocument": Object {
          "Statement": Array [
            Object {
              "Action": "sts:AssumeRole",
              "Effect": "Allow",
              "Resource": Array [
                "arn:aws:iam::*:role/cdk-*-lookup-role-*",
                "arn:aws:iam::*:role/cdk-*-image-publishing-role-*",
                "arn:aws:iam::*:role/cdk-*-file-publishing-role-*",
                "arn:aws:iam::*:role/cdk-*-deploy-role-*",
              ],
            },
          ],
          "Version": "2012-10-17",
        },
        "PolicyName": "GitlabPipelineRoleDefaultPolicyF178FD85",
        "Roles": Array [
          Object {
            "Ref": "GitlabPipelineRole8B3B9E26",
          },
        ],
      },
      "Type": "AWS::IAM::Policy",
    },
  },
  "Rules": Object {
    "CheckBootstrapVersion": Object {
      "Assertions": Array [
        Object {
          "Assert": Object {
            "Fn::Not": Array [
              Object {
                "Fn::Contains": Array [
                  Array [
                    "1",
                    "2",
                    "3",
                    "4",
                    "5",
                  ],
                  Object {
                    "Ref": "BootstrapVersion",
                  },
                ],
              },
            ],
          },
          "AssertDescription": "CDK bootstrap stack version 6 required. Please run 'cdk bootstrap' with a recent version of the CDK CLI.",
        },
      ],
    },
  },
}
`;
